// Jest Snapshot v1, https://goo.gl/fbAQLP

exports[`<DaysOfWeek /> enzyme snapshot serializes the styles 1`] = `
<div
  className="calendar__weekDay"
>
  <div>
    M
  </div>
  <div>
    T
  </div>
  <div>
    W
  </div>
  <div>
    T
  </div>
  <div>
    F
  </div>
  <div>
    S
  </div>
  <div>
    S
  </div>
</div>
`;
